// Jest Snapshot v1, https://goo.gl/fbAQLP

exports[`HomeNavigation matches snapshot 1`] = `
<RNSScreenStack
  style={
    Object {
      "flex": 1,
    }
  }
>
  <RNSScreen
    collapsable={false}
    forwardedRef={[Function]}
    onAppear={[Function]}
    onDisappear={[Function]}
    onDismissed={[Function]}
    onTransitionProgress={[Function]}
    onWillDisappear={[Function]}
    replaceAnimation="push"
    stackAnimation="slide_from_right"
    stackPresentation="push"
    style={
      Object {
        "bottom": 0,
        "left": 0,
        "position": "absolute",
        "right": 0,
        "top": 0,
      }
    }
  >
    <RNSScreenStackHeaderConfig
      backButtonInCustomView={false}
      backgroundColor="#f6f7f8"
      color="#000000"
      direction="ltr"
      disableBackButtonMenu={false}
      hidden={false}
      hideBackButton={false}
      largeTitleHideShadow={false}
      title="Home"
      titleColor="#000000"
      titleFontWeight="normal"
      topInsetEnabled={false}
      translucent={false}
    >
      <RNSScreenStackHeaderSubview
        style={
          Object {
            "alignItems": "center",
            "flexDirection": "row",
            "justifyContent": "center",
            "position": "absolute",
            "right": 0,
            "top": 0,
          }
        }
        type="left"
      >
        <header-left
          navigation={
            Object {
              "addListener": [Function],
              "canGoBack": [Function],
              "dispatch": [Function],
              "getId": [Function],
              "getParent": [Function],
              "getState": [Function],
              "goBack": [Function],
              "isFocused": [Function],
              "navigate": [Function],
              "pop": [Function],
              "popToTop": [Function],
              "push": [Function],
              "removeListener": [Function],
              "replace": [Function],
              "reset": [Function],
              "setOptions": [Function],
              "setParams": [Function],
            }
          }
          testID="header-left"
        />
      </RNSScreenStackHeaderSubview>
      <RNSScreenStackHeaderSubview
        style={
          Object {
            "alignItems": "center",
            "flexDirection": "row",
            "justifyContent": "center",
            "position": "absolute",
            "right": 0,
            "top": 0,
          }
        }
        type="right"
      >
        <View
          accessible={true}
          collapsable={false}
          focusable={true}
          onClick={[Function]}
          onResponderGrant={[Function]}
          onResponderMove={[Function]}
          onResponderRelease={[Function]}
          onResponderTerminate={[Function]}
          onResponderTerminationRequest={[Function]}
          onStartShouldSetResponder={[Function]}
          style={
            Object {
              "marginLeft": 0,
              "marginRight": -5,
              "opacity": 1,
            }
          }
          testID="button"
        >
          <Text
            allowFontScaling={false}
            selectable={false}
            style={
              Array [
                Object {
                  "color": "#000000",
                  "fontSize": 25,
                },
                undefined,
                Object {
                  "fontFamily": "Material Design Icons",
                  "fontStyle": "normal",
                  "fontWeight": "normal",
                },
                Object {},
              ]
            }
          >
            ó°’“
          </Text>
        </View>
      </RNSScreenStackHeaderSubview>
    </RNSScreenStackHeaderConfig>
    <View
      style={
        Array [
          Object {
            "flex": 1,
          },
          Object {
            "backgroundColor": "rgb(242, 242, 242)",
          },
          undefined,
        ]
      }
    >
      <home-screen
        navigation={
          Object {
            "addListener": [Function],
            "canGoBack": [Function],
            "dispatch": [Function],
            "getId": [Function],
            "getParent": [Function],
            "getState": [Function],
            "goBack": [Function],
            "isFocused": [Function],
            "navigate": [Function],
            "pop": [Function],
            "popToTop": [Function],
            "push": [Function],
            "removeListener": [Function],
            "replace": [Function],
            "reset": [Function],
            "setOptions": [Function],
            "setParams": [Function],
          }
        }
        route={
          Object {
            "key": "Home-routeUniqId",
            "name": "Home",
            "params": undefined,
          }
        }
        testID="home-screen"
      />
    </View>
  </RNSScreen>
</RNSScreenStack>
`;
