// Jest Snapshot v1, https://goo.gl/fbAQLP

exports[`Layout matches snapshot 1`] = `
<RNCSafeAreaView
  edges={
    Array [
      "bottom",
      "left",
      "right",
      "top",
    ]
  }
  style={
    Array [
      Object {
        "flex": 1,
      },
      Object {
        "backgroundColor": "#f0f0f0",
      },
      undefined,
    ]
  }
  testID="layout"
>
  <Text
    testID="text"
  >
    Test message
  </Text>
</RNCSafeAreaView>
`;
