// Jest Snapshot v1, https://goo.gl/fbAQLP

exports[`SamplePageNavigation matches snapshot 1`] = `
<RNSScreenStack
  style={
    Object {
      "flex": 1,
    }
  }
>
  <RNSScreen
    collapsable={false}
    forwardedRef={[Function]}
    onAppear={[Function]}
    onDisappear={[Function]}
    onDismissed={[Function]}
    onTransitionProgress={[Function]}
    onWillDisappear={[Function]}
    replaceAnimation="push"
    stackAnimation="slide_from_right"
    stackPresentation="push"
    style={
      Object {
        "bottom": 0,
        "left": 0,
        "position": "absolute",
        "right": 0,
        "top": 0,
      }
    }
  >
    <RNSScreenStackHeaderConfig
      backButtonInCustomView={false}
      backgroundColor="#f6f7f8"
      color="#000000"
      direction="ltr"
      disableBackButtonMenu={false}
      hidden={false}
      hideBackButton={false}
      largeTitleHideShadow={false}
      title="Sample Pages"
      titleColor="#000000"
      titleFontWeight="normal"
      topInsetEnabled={false}
      translucent={false}
    >
      <RNSScreenStackHeaderSubview
        style={
          Object {
            "alignItems": "center",
            "flexDirection": "row",
            "justifyContent": "center",
            "position": "absolute",
            "right": 0,
            "top": 0,
          }
        }
        type="left"
      >
        <header-left
          navigation={
            Object {
              "addListener": [Function],
              "canGoBack": [Function],
              "dispatch": [Function],
              "getId": [Function],
              "getParent": [Function],
              "getState": [Function],
              "goBack": [Function],
              "isFocused": [Function],
              "navigate": [Function],
              "pop": [Function],
              "popToTop": [Function],
              "push": [Function],
              "removeListener": [Function],
              "replace": [Function],
              "reset": [Function],
              "setOptions": [Function],
              "setParams": [Function],
            }
          }
          testID="header-left"
        />
      </RNSScreenStackHeaderSubview>
    </RNSScreenStackHeaderConfig>
    <View
      style={
        Array [
          Object {
            "flex": 1,
          },
          Object {
            "backgroundColor": "rgb(242, 242, 242)",
          },
          undefined,
        ]
      }
    >
      <sample-page-screen
        navigation={
          Object {
            "addListener": [Function],
            "canGoBack": [Function],
            "dispatch": [Function],
            "getId": [Function],
            "getParent": [Function],
            "getState": [Function],
            "goBack": [Function],
            "isFocused": [Function],
            "navigate": [Function],
            "pop": [Function],
            "popToTop": [Function],
            "push": [Function],
            "removeListener": [Function],
            "replace": [Function],
            "reset": [Function],
            "setOptions": [Function],
            "setParams": [Function],
          }
        }
        route={
          Object {
            "key": "SamplePageScreen-routeUniqId",
            "name": "SamplePageScreen",
            "params": undefined,
          }
        }
        testID="sample-page-screen"
      />
    </View>
  </RNSScreen>
</RNSScreenStack>
`;
