// Jest Snapshot v1, https://goo.gl/fbAQLP

exports[`ErrorText matches snapshot 1`] = `
<Text
  style={
    Array [
      Object {
        "fontSize": 10,
        "marginBottom": 10,
      },
      Object {
        "fontSize": 13,
      },
      Object {
        "color": "#ed4337",
      },
    ]
  }
  testID="error-text"
>
  My Text
</Text>
`;
