// Jest Snapshot v1, https://goo.gl/fbAQLP

exports[`NoInternet when connected matches snapshot 1`] = `null`;

exports[`NoInternet when is not connected matches snapshot 1`] = `
<RNCSafeAreaView
  edges={
    Array [
      "bottom",
      "left",
      "right",
      "top",
    ]
  }
  style={
    Array [
      Object {
        "flex": 1,
      },
      Object {
        "backgroundColor": "#f0f0f0",
      },
      undefined,
    ]
  }
  testID="no-internet-toast"
>
  <Text
    style={
      Array [
        Object {
          "marginBottom": 10,
        },
        Object {
          "color": "#000000",
        },
      ]
    }
    testID="text"
  >
    No Internet
  </Text>
  <Text
    style={
      Object {
        "color": "#000000",
      }
    }
  >
    Please check your connection
  </Text>
</RNCSafeAreaView>
`;
