// Jest Snapshot v1, https://goo.gl/fbAQLP

exports[`HeaderLeftButton matches snapshot 1`] = `
<View
  accessible={true}
  collapsable={false}
  focusable={true}
  onClick={[Function]}
  onResponderGrant={[Function]}
  onResponderMove={[Function]}
  onResponderRelease={[Function]}
  onResponderTerminate={[Function]}
  onResponderTerminationRequest={[Function]}
  onStartShouldSetResponder={[Function]}
  style={
    Object {
      "marginLeft": -5,
      "marginRight": 10,
      "opacity": 1,
    }
  }
  testID="button"
>
  <Text
    allowFontScaling={false}
    selectable={false}
    style={
      Array [
        Object {
          "color": "#000000",
          "fontSize": 25,
        },
        undefined,
        Object {
          "fontFamily": "Material Design Icons",
          "fontStyle": "normal",
          "fontWeight": "normal",
        },
        Object {},
      ]
    }
  >
    Û∞çú
  </Text>
</View>
`;
